2026-07-19 13:51:39,535 INFO o.a.j.u.JMeterUtils: Setting Locale to en_EN
2026-07-19 13:51:39,552 INFO o.a.j.JMeter: Loading user properties from: D:\develop\tools\apache-jmeter-5.6.3\bin\user.properties
2026-07-19 13:51:39,553 INFO o.a.j.JMeter: Loading system properties from: D:\develop\tools\apache-jmeter-5.6.3\bin\system.properties
2026-07-19 13:51:39,569 INFO o.a.j.JMeter: Copyright (c) 1998-2024 The Apache Software Foundation
2026-07-19 13:51:39,569 INFO o.a.j.JMeter: Version 5.6.3
2026-07-19 13:51:39,569 INFO o.a.j.JMeter: java.version=1.8.0_202
2026-07-19 13:51:39,569 INFO o.a.j.JMeter: java.vm.name=Java HotSpot(TM) 64-Bit Server VM
2026-07-19 13:51:39,569 INFO o.a.j.JMeter: os.name=Windows 10
2026-07-19 13:51:39,569 INFO o.a.j.JMeter: os.arch=amd64
2026-07-19 13:51:39,569 INFO o.a.j.JMeter: os.version=10.0
2026-07-19 13:51:39,569 INFO o.a.j.JMeter: file.encoding=GBK
2026-07-19 13:51:39,569 INFO o.a.j.JMeter: java.awt.headless=null
2026-07-19 13:51:39,570 INFO o.a.j.JMeter: Max memory     =1073741824
2026-07-19 13:51:39,570 INFO o.a.j.JMeter: Available Processors =8
2026-07-19 13:51:39,581 INFO o.a.j.JMeter: Default Locale=English (EN)
2026-07-19 13:51:39,583 INFO o.a.j.JMeter: JMeter  Locale=English (EN)
2026-07-19 13:51:39,583 INFO o.a.j.JMeter: JMeterHome=D:\develop\tools\apache-jmeter-5.6.3
2026-07-19 13:51:39,583 INFO o.a.j.JMeter: user.dir  =D:\develop\hm-dianping
2026-07-19 13:51:39,583 INFO o.a.j.JMeter: PWD       =D:\develop\hm-dianping
2026-07-19 13:51:50,612 INFO o.a.j.JMeter: IP: 192.168.11.1 Name: PC-20250911SXYV FullName: PC-20250911SXYV
